AR procesador_2 arquitectura_procesador_2 E:/utp/Arquitectura_computadores/procesadores/Procesador2/procesador_2.vhd sub00/vhpl19 1493097923
AR mux behavioral E:/utp/Arquitectura_computadores/procesadores/Procesador2/MUX.vhd sub00/vhpl05 1493097909
EN seu NULL E:/utp/Arquitectura_computadores/procesadores/Procesador2/SEU.vhd sub00/vhpl02 1493097906
AR im behavioral E:/utp/Arquitectura_computadores/procesadores/Procesador2/IM.vhd sub00/vhpl11 1493098300
EN procesador_2 NULL E:/utp/Arquitectura_computadores/procesadores/Procesador2/procesador_2.vhd sub00/vhpl18 1493097922
AR npc behavioral E:/utp/Arquitectura_computadores/procesadores/Procesador2/NPC.vhd sub00/vhpl15 1493097919
EN im NULL E:/utp/Arquitectura_computadores/procesadores/Procesador2/IM.vhd sub00/vhpl10 1493098299
AR seu behavioral E:/utp/Arquitectura_computadores/procesadores/Procesador2/SEU.vhd sub00/vhpl03 1493097907
AR sumador behavioral E:/utp/Arquitectura_computadores/procesadores/Procesador2/SUMADOR.vhd sub00/vhpl17 1493097921
EN pc NULL E:/utp/Arquitectura_computadores/procesadores/Procesador2/PC.vhd sub00/vhpl12 1493097916
EN rf NULL E:/utp/Arquitectura_computadores/procesadores/Procesador2/RF.vhd sub00/vhpl06 1493097910
AR uc behavioral E:/utp/Arquitectura_computadores/procesadores/Procesador2/UC.vhd sub00/vhpl09 1493097913
EN uc NULL E:/utp/Arquitectura_computadores/procesadores/Procesador2/UC.vhd sub00/vhpl08 1493097912
EN npc NULL E:/utp/Arquitectura_computadores/procesadores/Procesador2/NPC.vhd sub00/vhpl14 1493097918
EN mux NULL E:/utp/Arquitectura_computadores/procesadores/Procesador2/MUX.vhd sub00/vhpl04 1493097908
AR alu behavioral E:/utp/Arquitectura_computadores/procesadores/Procesador2/ALU.vhd sub00/vhpl01 1493097905
AR pc behavioral E:/utp/Arquitectura_computadores/procesadores/Procesador2/PC.vhd sub00/vhpl13 1493097917
EN sumador NULL E:/utp/Arquitectura_computadores/procesadores/Procesador2/SUMADOR.vhd sub00/vhpl16 1493097920
AR rf behavioral E:/utp/Arquitectura_computadores/procesadores/Procesador2/RF.vhd sub00/vhpl07 1493097911
EN alu NULL E:/utp/Arquitectura_computadores/procesadores/Procesador2/ALU.vhd sub00/vhpl00 1493097904
