AR procesador_2 arquitectura_procesador_2 E:/utp/Arquitectura_computadores/procesadores/Procesador2/procesador_2.vhd sub00/vhpl19 1492563041
AR mux behavioral E:/utp/Arquitectura_computadores/procesadores/Procesador2/MUX.vhd sub00/vhpl17 1492563027
EN seu NULL E:/utp/Arquitectura_computadores/procesadores/Procesador2/SEU.vhd sub00/vhpl14 1492563024
AR im behavioral E:/utp/Arquitectura_computadores/procesadores/Procesador2/IM.vhd sub00/vhpl09 1492563033
EN procesador_2 NULL E:/utp/Arquitectura_computadores/procesadores/Procesador2/procesador_2.vhd sub00/vhpl18 1492563040
AR npc behavioral E:/utp/Arquitectura_computadores/procesadores/Procesador2/NPC.vhd sub00/vhpl01 1492563037
EN im NULL E:/utp/Arquitectura_computadores/procesadores/Procesador2/IM.vhd sub00/vhpl08 1492563032
AR seu behavioral E:/utp/Arquitectura_computadores/procesadores/Procesador2/SEU.vhd sub00/vhpl15 1492563025
AR sumador behavioral E:/utp/Arquitectura_computadores/procesadores/Procesador2/SUMADOR.vhd sub00/vhpl05 1492563039
EN pc NULL E:/utp/Arquitectura_computadores/procesadores/Procesador2/PC.vhd sub00/vhpl02 1492563034
EN rf NULL E:/utp/Arquitectura_computadores/procesadores/Procesador2/RF.vhd sub00/vhpl06 1492563028
AR uc behavioral E:/utp/Arquitectura_computadores/procesadores/Procesador2/UC.vhd sub00/vhpl11 1492563031
EN uc NULL E:/utp/Arquitectura_computadores/procesadores/Procesador2/UC.vhd sub00/vhpl10 1492563030
EN npc NULL E:/utp/Arquitectura_computadores/procesadores/Procesador2/NPC.vhd sub00/vhpl00 1492563036
EN mux NULL E:/utp/Arquitectura_computadores/procesadores/Procesador2/MUX.vhd sub00/vhpl16 1492563026
AR alu behavioral E:/utp/Arquitectura_computadores/procesadores/Procesador2/ALU.vhd sub00/vhpl13 1492563023
AR pc behavioral E:/utp/Arquitectura_computadores/procesadores/Procesador2/PC.vhd sub00/vhpl03 1492563035
EN sumador NULL E:/utp/Arquitectura_computadores/procesadores/Procesador2/SUMADOR.vhd sub00/vhpl04 1492563038
AR rf behavioral E:/utp/Arquitectura_computadores/procesadores/Procesador2/RF.vhd sub00/vhpl07 1492563029
EN alu NULL E:/utp/Arquitectura_computadores/procesadores/Procesador2/ALU.vhd sub00/vhpl12 1492563022
