AR procesador_2 arquitectura_procesador_2 E:/utp/Arquitectura_computadores/procesadores/Procesador2/procesador_2.vhd sub00/vhpl19 1492497801
AR mux behavioral E:/utp/Arquitectura_computadores/procesadores/Procesador2/MUX.vhd sub00/vhpl17 1492497787
EN seu NULL E:/utp/Arquitectura_computadores/procesadores/Procesador2/SEU.vhd sub00/vhpl14 1492497784
AR im behavioral E:/utp/Arquitectura_computadores/procesadores/Procesador2/IM.vhd sub00/vhpl09 1492497793
EN procesador_2 NULL E:/utp/Arquitectura_computadores/procesadores/Procesador2/procesador_2.vhd sub00/vhpl18 1492497800
AR npc behavioral E:/utp/Arquitectura_computadores/procesadores/Procesador2/NPC.vhd sub00/vhpl01 1492497797
EN im NULL E:/utp/Arquitectura_computadores/procesadores/Procesador2/IM.vhd sub00/vhpl08 1492497792
AR seu behavioral E:/utp/Arquitectura_computadores/procesadores/Procesador2/SEU.vhd sub00/vhpl15 1492497785
AR sumador behavioral E:/utp/Arquitectura_computadores/procesadores/Procesador2/SUMADOR.vhd sub00/vhpl05 1492497799
EN pc NULL E:/utp/Arquitectura_computadores/procesadores/Procesador2/PC.vhd sub00/vhpl02 1492497794
EN rf NULL E:/utp/Arquitectura_computadores/procesadores/Procesador2/RF.vhd sub00/vhpl06 1492497788
AR uc behavioral E:/utp/Arquitectura_computadores/procesadores/Procesador2/UC.vhd sub00/vhpl11 1492497791
EN uc NULL E:/utp/Arquitectura_computadores/procesadores/Procesador2/UC.vhd sub00/vhpl10 1492497790
EN npc NULL E:/utp/Arquitectura_computadores/procesadores/Procesador2/NPC.vhd sub00/vhpl00 1492497796
EN mux NULL E:/utp/Arquitectura_computadores/procesadores/Procesador2/MUX.vhd sub00/vhpl16 1492497786
AR alu behavioral E:/utp/Arquitectura_computadores/procesadores/Procesador2/ALU.vhd sub00/vhpl13 1492497783
AR pc behavioral E:/utp/Arquitectura_computadores/procesadores/Procesador2/PC.vhd sub00/vhpl03 1492497795
EN sumador NULL E:/utp/Arquitectura_computadores/procesadores/Procesador2/SUMADOR.vhd sub00/vhpl04 1492497798
AR rf behavioral E:/utp/Arquitectura_computadores/procesadores/Procesador2/RF.vhd sub00/vhpl07 1492497789
EN alu NULL E:/utp/Arquitectura_computadores/procesadores/Procesador2/ALU.vhd sub00/vhpl12 1492497782
